// Jest Snapshot v1, https://goo.gl/fbAQLP

exports[`matches snapshot 1`] = `
<DocumentFragment>
  <div>
    <h1>
      Box List
    </h1>
    <div>
      <div
        style="background-color: red; height: 50px; width: 50px;"
      />
    </div>
    <div>
      <div
        style="background-color: blue; height: 100px; width: 100px;"
      />
    </div>
    <div
      class="NewBoxForm"
    >
      <h2>
        New Box Form
      </h2>
      <form
        class="NewBoxForm-form"
      >
        <div
          class="NewBoxForm-color"
        >
          <label
            class="NewBoxForm-label"
            for="color"
          >
            Box Color:
          </label>
          <input
            class="NewBoxForm-input"
            id="color"
            name="color"
            type="color"
            value="#000000"
          />
        </div>
        <div
          class="NewBoxForm-height"
        >
          <label
            class="NewBoxForm-label"
            for="height"
          >
            Box Height(px):
          </label>
          <input
            class="NewBoxForm-input"
            id="height"
            name="height"
            type="number"
            value=""
          />
        </div>
        <div
          class="NewBoxForm-width"
        >
          <label
            class="NewBoxForm-label"
            for="width"
          >
            Box Width(px):
          </label>
          <input
            class="NewBoxForm-input"
            id="width"
            name="width"
            type="number"
            value=""
          />
        </div>
        <button>
          Add Box!
        </button>
      </form>
    </div>
  </div>
</DocumentFragment>
`;
